{"level":"info","time":"2026-07-24T15:05:02Z","message":"Thank you for trying Cloudflare Tunnel. Doing so, without a Cloudflare account, is a quick way to experiment and try it out. However, be aware that these account-less Tunnels have no uptime guarantee, are subject to the Cloudflare Online Services Terms of Use (https://www.cloudflare.com/website-terms/), and Cloudflare reserves the right to investigate your use of Tunnels for violations of such terms. If you intend to use Tunnels in production you should use a pre-created named tunnel by following: https://developers.cloudflare.com/cloudflare-one/connections/connect-apps"}
{"level":"info","time":"2026-07-24T15:05:02Z","message":"Requesting new quick Tunnel on trycloudflare.com..."}
{"level":"info","time":"2026-07-24T15:05:09Z","message":"+--------------------------------------------------------------------------------------------+"}
{"level":"info","time":"2026-07-24T15:05:09Z","message":"|  Your quick Tunnel has been created! Visit it at (it may take some time to be reachable):  |"}
{"level":"info","time":"2026-07-24T15:05:09Z","message":"|  https://mic-unless-belfast-adapted.trycloudflare.com                                      |"}
{"level":"info","time":"2026-07-24T15:05:09Z","message":"+--------------------------------------------------------------------------------------------+"}
{"level":"info","time":"2026-07-24T15:05:09Z","message":"Cannot determine default configuration path. No file [config.yml config.yaml] in [~/.cloudflared ~/.cloudflare-warp ~/cloudflare-warp]"}
{"level":"info","time":"2026-07-24T15:05:09Z","message":"Version 2026.7.3 (Checksum 8635da433b6df8194746e88ed9d2589566c20e38bfc2a80e431a348b7c765841)"}
{"level":"info","time":"2026-07-24T15:05:09Z","message":"GOOS: windows, GOVersion: go1.26.4, GoArch: amd64"}
{"level":"info","time":"2026-07-24T15:05:09Z","message":"Settings: map[ha-connections:1 logfile:E:\\WebBacSi\\.tools\\cloudflared-current.log loglevel:info no-autoupdate:true protocol:quic url:http://localhost:8080]"}
{"level":"info","time":"2026-07-24T15:05:09Z","message":"cloudflared will not automatically update on Windows systems."}
{"level":"info","time":"2026-07-24T15:05:09Z","message":"Generated Connector ID: 4d92dffd-1875-47e3-984e-c21e9384f1cd"}
{"level":"info","time":"2026-07-24T15:05:09Z","message":"Initial protocol quic"}
{"level":"info","time":"2026-07-24T15:05:09Z","message":"ICMP proxy will use 192.168.1.212 as source for IPv4"}
{"level":"info","time":"2026-07-24T15:05:09Z","message":"ICMP proxy will use 2405:4802:a098:cd40:d79b:b951:b867:1a74 in zone Wi-Fi as source for IPv6"}
{"level":"info","time":"2026-07-24T15:05:09Z","message":"cloudflared does not support loading the system root certificate pool on Windows. Please use --origin-ca-pool <PATH> to specify the path to the certificate pool"}
{"level":"info","time":"2026-07-24T15:05:09Z","message":"ICMP proxy will use 192.168.1.212 as source for IPv4"}
{"level":"info","event":0,"ip":"2606:4700:a8::9","connIndex":0,"time":"2026-07-24T15:05:09Z","message":"Tunnel connection curve preferences: [X25519MLKEM768 CurveID(65074) CurveP256]"}
{"level":"info","time":"2026-07-24T15:05:09Z","message":"ICMP proxy will use 2405:4802:a098:cd40:d79b:b951:b867:1a74 in zone Wi-Fi as source for IPv6"}
{"level":"info","time":"2026-07-24T15:05:09Z","message":"Starting metrics server on 127.0.0.1:20241/metrics"}
{"level":"info","time":"2026-07-24T15:05:10Z","message":"+-------------------------------------------------------------------------------------+"}
{"level":"info","time":"2026-07-24T15:05:10Z","message":"|                               CONNECTIVITY PRE-CHECKS                               |"}
{"level":"info","time":"2026-07-24T15:05:10Z","message":"+-------------------------------------------------------------------------------------+"}
{"level":"info","time":"2026-07-24T15:05:10Z","message":"|  COMPONENT         TARGET                     STATUS  DETAILS                       |"}
{"level":"info","time":"2026-07-24T15:05:10Z","message":"|  DNS Resolution    region1.v2.argotunnel.com  PASS    DNS Resolved successfully     |"}
{"level":"info","time":"2026-07-24T15:05:10Z","message":"|  DNS Resolution    region2.v2.argotunnel.com  PASS    DNS Resolved successfully     |"}
{"level":"info","time":"2026-07-24T15:05:10Z","message":"|  UDP Connectivity  region1.v2.argotunnel.com  PASS    QUIC connection successful    |"}
{"level":"info","time":"2026-07-24T15:05:10Z","message":"|  UDP Connectivity  region2.v2.argotunnel.com  PASS    QUIC connection successful    |"}
{"level":"info","time":"2026-07-24T15:05:10Z","message":"|  TCP Connectivity  region1.v2.argotunnel.com  PASS    HTTP/2 connection successful  |"}
{"level":"info","time":"2026-07-24T15:05:10Z","message":"|  TCP Connectivity  region2.v2.argotunnel.com  PASS    HTTP/2 connection successful  |"}
{"level":"info","time":"2026-07-24T15:05:10Z","message":"|  Cloudflare API    api.cloudflare.com:443     PASS    API is reachable              |"}
{"level":"info","time":"2026-07-24T15:05:10Z","message":"|                                                                                     |"}
{"level":"info","time":"2026-07-24T15:05:10Z","message":"|  SUMMARY: Environment is healthy. cloudflared will use 'quic' as primary protocol.  |"}
{"level":"info","time":"2026-07-24T15:05:10Z","message":"+-------------------------------------------------------------------------------------+"}
{"level":"info","run_id":"109f7927-e9ed-4507-a318-f99b97480ce2","component":"DNS Resolution","target":"region1.v2.argotunnel.com","status":"pass","details":"DNS Resolved successfully","time":"2026-07-24T15:05:10Z","message":"precheck"}
{"level":"info","run_id":"109f7927-e9ed-4507-a318-f99b97480ce2","component":"DNS Resolution","target":"region2.v2.argotunnel.com","status":"pass","details":"DNS Resolved successfully","time":"2026-07-24T15:05:10Z","message":"precheck"}
{"level":"info","run_id":"109f7927-e9ed-4507-a318-f99b97480ce2","component":"UDP Connectivity","target":"region1.v2.argotunnel.com","status":"pass","details":"QUIC connection successful","time":"2026-07-24T15:05:10Z","message":"precheck"}
{"level":"info","run_id":"109f7927-e9ed-4507-a318-f99b97480ce2","component":"UDP Connectivity","target":"region2.v2.argotunnel.com","status":"pass","details":"QUIC connection successful","time":"2026-07-24T15:05:10Z","message":"precheck"}
{"level":"info","run_id":"109f7927-e9ed-4507-a318-f99b97480ce2","component":"TCP Connectivity","target":"region1.v2.argotunnel.com","status":"pass","details":"HTTP/2 connection successful","time":"2026-07-24T15:05:10Z","message":"precheck"}
{"level":"info","run_id":"109f7927-e9ed-4507-a318-f99b97480ce2","component":"TCP Connectivity","target":"region2.v2.argotunnel.com","status":"pass","details":"HTTP/2 connection successful","time":"2026-07-24T15:05:10Z","message":"precheck"}
{"level":"info","event":0,"connection":"8a6f9f06-0d73-42b2-aa88-9db2a9a7c0d6","connIndex":0,"location":"hkg12","ip":"2606:4700:a8::9","protocol":"quic","time":"2026-07-24T15:05:10Z","message":"Registered tunnel connection"}
{"level":"info","run_id":"109f7927-e9ed-4507-a318-f99b97480ce2","component":"Cloudflare API","target":"api.cloudflare.com:443","status":"pass","details":"API is reachable","time":"2026-07-24T15:05:10Z","message":"precheck"}
{"level":"info","run_id":"109f7927-e9ed-4507-a318-f99b97480ce2","hard_fail":false,"suggested_protocol":"quic","time":"2026-07-24T15:05:10Z","message":"precheck complete"}
{"level":"error","event":1,"connIndex":0,"originService":"http://localhost:8080","ingressRule":0,"error":"Unable to reach the origin service. The service may be down or it may not be responding to traffic from cloudflared: dial tcp [::1]:8080: connectex: No connection could be made because the target machine actively refused it.","time":"2026-07-24T15:18:05Z"}
{"level":"error","event":0,"ip":"2606:4700:a8::9","connIndex":0,"error":"Unable to reach the origin service. The service may be down or it may not be responding to traffic from cloudflared: dial tcp [::1]:8080: connectex: No connection could be made because the target machine actively refused it.","type":"http","dest":"https://mic-unless-belfast-adapted.trycloudflare.com/api/admin/auth/login","time":"2026-07-24T15:18:05Z","message":"Request failed"}
{"level":"error","event":1,"connIndex":0,"originService":"http://localhost:8080","ingressRule":0,"error":"Unable to reach the origin service. The service may be down or it may not be responding to traffic from cloudflared: dial tcp [::1]:8080: connectex: No connection could be made because the target machine actively refused it.","time":"2026-07-24T15:18:11Z"}
{"level":"error","event":0,"ip":"2606:4700:a8::9","connIndex":0,"error":"Unable to reach the origin service. The service may be down or it may not be responding to traffic from cloudflared: dial tcp [::1]:8080: connectex: No connection could be made because the target machine actively refused it.","type":"http","dest":"https://mic-unless-belfast-adapted.trycloudflare.com/api/admin/auth/login","time":"2026-07-24T15:18:11Z","message":"Request failed"}
{"level":"info","time":"2026-07-24T15:43:50Z","message":"Initiating graceful shutdown due to signal terminated ..."}
{"level":"error","event":0,"ip":"2606:4700:a8::9","connIndex":0,"error":"Application error 0x0 (remote)","time":"2026-07-24T15:43:50Z","message":"failed to run the datagram handler"}
{"level":"error","event":0,"ip":"2606:4700:a8::9","connIndex":0,"error":"accept stream listener encountered a failure while serving","time":"2026-07-24T15:43:50Z","message":"failed to serve tunnel connection"}
{"level":"error","event":0,"ip":"2606:4700:a8::9","connIndex":0,"error":"accept stream listener encountered a failure while serving","time":"2026-07-24T15:43:50Z","message":"Serve tunnel error"}
{"level":"info","event":0,"ip":"2606:4700:a8::9","connIndex":0,"time":"2026-07-24T15:43:50Z","message":"Retrying connection in up to 1s"}
{"level":"error","connIndex":0,"time":"2026-07-24T15:43:50Z","message":"Connection terminated"}
{"level":"error","time":"2026-07-24T15:43:50Z","message":"no more connections active and exiting"}
{"level":"info","time":"2026-07-24T15:43:50Z","message":"Tunnel server stopped"}
{"level":"info","time":"2026-07-24T15:43:50Z","message":"Metrics server stopped"}
